[poprey.com/index.html]
[pagead2.googlesyndication.com/pagead/js/f.txt]
[backblue.gif]
[fade.gif]
[index.html]
[poprey.com/tmpl/css/styles.css]
[poprey.com/facebook_page_likes.html]
[poprey.com/youtube_views.html]
[poprey.com/twitter_followers.html]
[poprey.com/instagram_likes.html]
[poprey.com/instagram_auto_likes.html]
[poprey.com/instagram_views.html]
[poprey.com/contact.html]
[poprey.com/index-2.html]
[poprey.com/referral.html]
[poprey.com/faq.html]
[poprey.com/rules.html]
[poprey.com/tmpl/js/libs.min.js]
[poprey.com/index.html]
[www.googletagmanager.com/gtm5445.html]
[poprey.com/tmpl/js/main.js]
[poprey.com/tmpl/fonts/Roboto-Light.eot]
[poprey.com/tmpl/fonts/Roboto-Lightd41d.eot]
[poprey.com/tmpl/fonts/Roboto-Light.woff]
[poprey.com/tmpl/fonts/Roboto-Regular.eot]
[poprey.com/tmpl/fonts/Roboto-Regulard41d.eot]
[poprey.com/tmpl/fonts/Roboto-Regular.woff]
[poprey.com/tmpl/fonts/Roboto-Bold.eot]
[poprey.com/tmpl/fonts/Roboto-Boldd41d.eot]
[poprey.com/tmpl/fonts/Roboto-Bold.woff]
[poprey.com/tmpl/css/styles.css]
[poprey.com/facebook_post_likes.html]
[poprey.com/facebook_followers.html]
[poprey.com/facebook_video_views.html]
[poprey.com/facebook_page_likes.html]
[poprey.com/youtube_likes.html]
[poprey.com/youtube_dislikes.html]
[poprey.com/youtube_comment_likes.html]
[poprey.com/youtube_views.html]
[poprey.com/twitter_likes.html]
[poprey.com/twitter_retweets.html]
[poprey.com/twitter_followers.html]
[poprey.com/twitter_views.html]
[poprey.com/instagram_likes.html]
[poprey.com/instagram_auto_likes.html]
[poprey.com/instagram_views.html]
[poprey.com/tmpl/images/forward-button.svg]
[poprey.com/tmpl/images/delivery-truck.svg]
[poprey.com/tmpl/images/shield.svg]
[poprey.com/tmpl/images/star.svg]
[poprey.com/tmpl/images/rocket-icon.svg]
[poprey.com/tmpl/images/secure.svg]
[poprey.com/contact.html]
[poprey.com/index-2.html]
[poprey.com/referral.html]
[poprey.com/faq.html]
[poprey.com/rules.html]
[poprey.com/tmpl/fonts/Roboto-Light.html]
[poprey.com/tmpl/fonts/Roboto-Regular.html]
[poprey.com/tmpl/fonts/Roboto-Bold.html]
[poprey.com/tmpl/images/home.svg]
[poprey.com/tmpl/images/social-networks/instagram.svg]
[poprey.com/tmpl/images/social-networks/facebook.svg]
[poprey.com/tmpl/images/social-networks/youtube.svg]
[poprey.com/tmpl/images/social-networks/twitter.svg]
[poprey.com/tmpl/images/sent.svg]
[poprey.com/tmpl/images/warning.svg]
[poprey.com/facebook_post_likes.html]
[poprey.com/facebook_followers.html]
[poprey.com/facebook_video_views.html]
[poprey.com/tmpl/images/arrowhead-pointing-to-the-right.svg]
[poprey.com/tmpl/images/guarantee.svg]
[poprey.com/youtube_likes.html]
[poprey.com/youtube_dislikes.html]
[poprey.com/youtube_comment_likes.html]
[poprey.com/tmpl/images/hourglass.svg]
[poprey.com/tmpl/images/manager.svg]
[poprey.com/twitter_likes.html]
[poprey.com/twitter_retweets.html]
[poprey.com/twitter_views.html]
